// Jest Snapshot v1, https://goo.gl/fbAQLP

exports[`renderSpinner Should add spinner to swiper-container 1`] = `
"
    <div class=\\"search-clear\\"><div class=\\"spinner\\"><svg class=\\"loader\\" xmlns=\\"http://www.w3.org/2000/svg\\" viewBox=\\"0 0 340 340\\"><circle cx=\\"170\\" cy=\\"170\\" r=\\"160\\" stroke=\\"#E2007C\\"></circle>
  <circle cx=\\"170\\" cy=\\"170\\" r=\\"135\\" stroke=\\"#404041\\"></circle>
  <circle cx=\\"170\\" cy=\\"170\\" r=\\"110\\" stroke=\\"#E2007C\\"></circle>
  <circle cx=\\"170\\" cy=\\"170\\" r=\\"85\\" stroke=\\"#404041\\"></circle></svg></div></div>
  "
`;
